T47CC 000:002.099   SEGGER J-Link V9.42 Log File
T47CC 000:002.310   DLL Compiled: May  6 2026 12:25:27
T47CC 000:002.321   Logging started @ 2026-08-22 15:46
T47CC 000:002.329   Process: C:\Users\hieuk\.eclipse\com.renesas.platform_1810250131\DebugComp\RA\e2-server-gdb.exe
T47CC 000:002.341 - 2.336ms 
T47CC 000:002.357 JLINK_GetDLLVersion()
T47CC 000:002.387 - 0.008ms returns 94200
T47CC 000:006.060 JLINK_OpenEx(...)
T47CC 000:014.752   Firmware: J-Link V9 compiled May  7 2021 16:26:12
T47CC 000:016.408   Firmware: J-Link V9 compiled May  7 2021 16:26:12
T47CC 000:016.703   Decompressing FW timestamp took 250 us
T47CC 000:027.540   Hardware: V9.40
T47CC 000:027.572   S/N: 69403061
T47CC 000:027.580   OEM: SEGGER
T47CC 000:027.589   Feature(s): RDI, GDB, FlashDL, FlashBP, JFlash
T47CC 000:028.968   Bootloader: (FW returned invalid version)
T47CC 000:030.911   TELNET listener socket opened on port 19021
T47CC 000:031.222   WEBSRV WEBSRV_Init(): Starting webserver thread(s)
T47CC 000:031.602   WEBSRV Webserver running on local port 19080
T47CC 000:031.835   Looking for J-Link GUI Server exe at: C:\Users\hieuk\.eclipse\com.renesas.platform_1810250131\DebugComp\RA\ARM\Segger_v9.42.0\JLinkGUIServer.exe
T47CC 000:032.032   Looking for J-Link GUI Server exe at: C:\Program Files\SEGGER\JLink_V924a\JLinkGUIServer.exe
T47CC 000:032.080   Forking J-Link GUI Server: C:\Program Files\SEGGER\JLink_V924a\JLinkGUIServer.exe
T47CC 000:064.365   J-Link GUI Server info: "J-Link GUI server V9.24a "
T47CC 000:079.971 - 73.902ms returns "O.K."
T47CC 000:080.127 JLINK_ExecCommand("ProjectFile=D:\workspace\spi_ek_ra6m5_ep\e2studio/spi_ek_ra6m5_ep Debug_Flat.jlink", ...). 
T47CC 000:103.289 - 23.165ms returns 0x00
T47CC 000:103.742 JLINK_ExecCommand("device=R7FA6M5BH", ...). 
T47CC 000:104.921   Flash bank @ 0x0100A100: SFL: Parsing sectorization info from ELF file
T47CC 000:104.936     FlashDevice.SectorInfo[0]: .SectorSize = 0x00000010, .SectorStartAddr = 0x00000000
T47CC 000:104.944   FlashBank @0x0100A100: Sectorization info from SFL ELF file ignored because sectorization override from DLL / XML file is active.
T47CC 000:104.972   Flash bank @ 0x00000000: SFL: Parsing sectorization info from ELF file
T47CC 000:104.980     FlashDevice.SectorInfo[0]: .SectorSize = 0x00002000, .SectorStartAddr = 0x00000000
T47CC 000:104.988   FlashBank @0x00000000: Sectorization info from SFL ELF file ignored because sectorization override from DLL / XML file is active.
T47CC 000:105.373   Flash bank @ 0x08000000: SFL: Parsing sectorization info from ELF file
T47CC 000:105.384     FlashDevice.SectorInfo[0]: .SectorSize = 0x00000040, .SectorStartAddr = 0x00000000
T47CC 000:105.393   FlashBank @0x08000000: Sectorization info from SFL ELF file ignored because sectorization override from DLL / XML file is active.
T47CC 000:105.506   Flash bank @ 0x60000000: SFL: Parsing sectorization info from ELF file
T47CC 000:105.556     FlashDevice.SectorInfo[0]: .SectorSize = 0x00010000, .SectorStartAddr = 0x00000000
T47CC 000:110.493   Device "R7FA6M5BH" selected.
T47CC 000:110.957 - 7.213ms returns 0x00
T47CC 000:110.972 JLINK_TIF_GetAvailable(...)
T47CC 000:111.625 - 0.652ms 
T47CC 000:111.647 JLINK_TIF_Select(JLINKARM_TIF_SWD)
T47CC 000:113.919 - 2.271ms returns 0x00
T47CC 000:113.958 JLINK_SetSpeed(4000)
T47CC 000:114.597 - 0.640ms 
T47CC 000:114.636 JLINK_ReadMem(0xE000EDF0, 0x4 Bytes, ...)
T47CC 000:115.213   ConfigTargetSettings() start
T47CC 000:115.228    J-Link Script File: Executing ConfigTargetSettings()
T47CC 000:115.239   Configuring FlashDLNoRMWThreshold=0x200 in order to make sure that option bytes programming is done via read-modify-write
T47CC 000:138.883   ConfigTargetSettings() end - Took 23.6ms
T47CC 000:138.912   InitTarget() start
T47CC 000:138.920    J-Link Script File: Executing InitTarget()
T47CC 000:138.928   SWD selected. Executing JTAG -> SWD switching sequence.
T47CC 000:142.643   DAP initialized successfully.
T47CC 000:142.670   Determining TrustZone configuration...
T47CC 000:144.807     Secure Debug: Enabled (SSD)
T47CC 000:144.865   Determining currently configured transfer type by reading the AHB-AP CSW register.
T47CC 000:146.970     --> Correct transfer type configured. Done.
T47CC 000:146.985   InitTarget() end - Took 8.06ms
T47CC 000:148.506   Found SW-DP with ID 0x6BA02477
T47CC 000:152.743   DPIDR: 0x6BA02477
T47CC 000:152.766   CoreSight SoC-400 or earlier
T47CC 000:152.779   Scanning AP map to find all available APs
T47CC 000:154.687   AP[2]: Stopped AP scan as end of AP map has been reached
T47CC 000:154.707   AP[0]: AHB-AP (IDR: 0x84770001, ADDR: 0x00000000)
T47CC 000:154.717   AP[1]: APB-AP (IDR: 0x54770002, ADDR: 0x01000000)
T47CC 000:154.727   Iterating through AP map to find AHB-AP to use
T47CC 000:156.536   AP[0]: Core found
T47CC 000:156.549   AP[0]: AHB-AP ROM base: 0xE00FE000
T47CC 000:157.528   CPUID register: 0x410FD214. Implementer code: 0x41 (ARM)
T47CC 000:157.541   Feature set: Mainline
T47CC 000:158.486   Cache: No cache
T47CC 000:158.504   Found Cortex-M33 r0p4, Little endian.
T47CC 000:159.669   -- Max. mem block: 0x00010CA8
T47CC 000:161.526   
  ***** Warning: 
T47CC 000:161.540   Cortex-M (ARMv8-M and later): The connected J-Link (S/N 69403061) uses an old firmware module that does not handle I/D-cache correctly. Proper debugging functionality cannot be guaranteed if cache is enabled
T47CC 000:161.561   CPU_ReadMem(4 bytes @ 0xE000EDF0)
T47CC 000:162.171   CPU_ReadMem(4 bytes @ 0xE0002000)
T47CC 000:162.778   FPUnit: 8 code (BP) slots and 0 literal slots
T47CC 000:162.793   CPU_ReadMem(4 bytes @ 0xE000EDFC)
T47CC 000:163.510   CPU_ReadMem(4 bytes @ 0xE0001000)
T47CC 000:164.186   CPU_ReadMem(4 bytes @ 0xE0001000)
T47CC 000:164.677   CPU_ReadMem(4 bytes @ 0xE0001028)
T47CC 000:165.180   CPU_ReadMem(4 bytes @ 0xE0001038)
T47CC 000:165.719   CPU_ReadMem(4 bytes @ 0xE0001048)
T47CC 000:166.136   CPU_ReadMem(4 bytes @ 0xE0001058)
T47CC 000:166.618   CPU_WriteMem(4 bytes @ 0xE0001000)
T47CC 000:167.102   CPU_ReadMem(4 bytes @ 0xE000ED88)
T47CC 000:167.558   CPU_WriteMem(4 bytes @ 0xE000ED88)
T47CC 000:168.018   CPU_ReadMem(4 bytes @ 0xE000ED88)
T47CC 000:168.498   CPU_WriteMem(4 bytes @ 0xE000ED88)
T47CC 000:169.022   CPU_ReadMem(4 bytes @ 0xE000EFB8)
T47CC 000:169.475   Security extension: implemented
T47CC 000:169.491   Secure debug: enabled
T47CC 000:169.500   CoreSight components:
T47CC 000:169.510   ROMTbl[0] @ E00FE000
T47CC 000:169.521   CPU_ReadMem(64 bytes @ 0xE00FE000)
T47CC 000:170.443   CPU_ReadMem(32 bytes @ 0xE0044FE0)
T47CC 000:171.149   CPU_ReadMem(4 bytes @ 0xE0044FBC)
T47CC 000:171.552   CPU_ReadMem(4 bytes @ 0xE0044FCC)
T47CC 000:171.994   [0][0]: E0044000 CID B105900D PID 005BB906 DEVARCH 00000000 DEVTYPE 14 CTI (?)
T47CC 000:172.013   CPU_ReadMem(32 bytes @ 0xE0047FE0)
T47CC 000:172.656   CPU_ReadMem(4 bytes @ 0xE0047FBC)
T47CC 000:173.100   CPU_ReadMem(4 bytes @ 0xE0047FCC)
T47CC 000:173.585   [0][1]: E0047000 CID B105900D PID 003BB908 DEVARCH 00000000 DEVTYPE 12 CSTF
T47CC 000:173.604   CPU_ReadMem(32 bytes @ 0xE0048FE0)
T47CC 000:174.258   CPU_ReadMem(4 bytes @ 0xE0048FBC)
T47CC 000:174.752   CPU_ReadMem(4 bytes @ 0xE0048FCC)
T47CC 000:175.336   [0][2]: E0048000 CID B105900D PID 001BB961 DEVARCH 00000000 DEVTYPE 21 TMC
T47CC 000:175.355   CPU_ReadMem(32 bytes @ 0xE0049FE0)
T47CC 000:176.081   [0][3]: E0049000 CID B105F00D PID 001BB101 TSG
T47CC 000:176.100   CPU_ReadMem(32 bytes @ 0xE0040FE0)
T47CC 000:176.847   CPU_ReadMem(4 bytes @ 0xE0040FBC)
T47CC 000:177.400   CPU_ReadMem(4 bytes @ 0xE0040FCC)
T47CC 000:177.932   [0][4]: E0040000 CID B105900D PID 000BBD21 DEVARCH 00000000 DEVTYPE 11 TPIU
T47CC 000:177.951   CPU_ReadMem(32 bytes @ 0xE00FFFE0)
T47CC 000:178.662   [0][5]: E00FF000 CID B105100D PID 000BB4C9 ROM Table
T47CC 000:178.676   ROMTbl[1] @ E00FF000
T47CC 000:178.685   CPU_ReadMem(64 bytes @ 0xE00FF000)
T47CC 000:179.526   CPU_ReadMem(32 bytes @ 0xE000EFE0)
T47CC 000:180.163   CPU_ReadMem(4 bytes @ 0xE000EFBC)
T47CC 000:180.514   CPU_ReadMem(4 bytes @ 0xE000EFCC)
T47CC 000:180.828   [1][0]: E000E000 CID B105900D PID 000BBD21 DEVARCH 47702A04 DEVTYPE 00 Cortex-M33
T47CC 000:180.845   CPU_ReadMem(32 bytes @ 0xE0001FE0)
T47CC 000:181.432   CPU_ReadMem(4 bytes @ 0xE0001FBC)
T47CC 000:181.780   CPU_ReadMem(4 bytes @ 0xE0001FCC)
T47CC 000:182.115   [1][1]: E0001000 CID B105900D PID 000BBD21 DEVARCH 47701A02 DEVTYPE 00 DWT
T47CC 000:182.125   CPU_ReadMem(32 bytes @ 0xE0002FE0)
T47CC 000:182.657   CPU_ReadMem(4 bytes @ 0xE0002FBC)
T47CC 000:183.080   CPU_ReadMem(4 bytes @ 0xE0002FCC)
T47CC 000:183.516   [1][2]: E0002000 CID B105900D PID 000BBD21 DEVARCH 47701A03 DEVTYPE 00 FPB
T47CC 000:183.529   CPU_ReadMem(32 bytes @ 0xE0000FE0)
T47CC 000:184.200   CPU_ReadMem(4 bytes @ 0xE0000FBC)
T47CC 000:184.533   CPU_ReadMem(4 bytes @ 0xE0000FCC)
T47CC 000:184.863   [1][3]: E0000000 CID B105900D PID 000BBD21 DEVARCH 47701A01 DEVTYPE 43 ITM
T47CC 000:184.873   CPU_ReadMem(32 bytes @ 0xE0041FE0)
T47CC 000:185.435   CPU_ReadMem(4 bytes @ 0xE0041FBC)
T47CC 000:185.779   CPU_ReadMem(4 bytes @ 0xE0041FCC)
T47CC 000:186.091   [1][5]: E0041000 CID B105900D PID 002BBD21 DEVARCH 47724A13 DEVTYPE 13 ETM
T47CC 000:186.100   CPU_ReadMem(32 bytes @ 0xE0042FE0)
T47CC 000:186.792   CPU_ReadMem(4 bytes @ 0xE0042FBC)
T47CC 000:187.154   CPU_ReadMem(4 bytes @ 0xE0042FCC)
T47CC 000:187.533   [1][6]: E0042000 CID B105900D PID 000BBD21 DEVARCH 47701A14 DEVTYPE 14 CSS600-CTI
T47CC 000:187.580   CPU_ReadMem(4 bytes @ 0xE000EDF0)
T47CC 000:187.924   Data:  03 00 13 00
T47CC 000:187.934   Debug reg: DHCSR
T47CC 000:187.942 - 73.306ms returns 0
T47CC 000:187.964 JLINK_ReadMem(0x400E002C, 0x4 Bytes, ...)
T47CC 000:187.972   CPU_ReadMem(4 bytes @ 0x400E002C)
T47CC 000:188.332   Data:  01 00 00 00
T47CC 000:188.341 - 0.377ms returns 0
T47CC 000:188.366 JLINK_ReadMem(0xE000EDF0, 0x4 Bytes, ...)
T47CC 000:188.374   CPU_ReadMem(4 bytes @ 0xE000EDF0)
T47CC 000:188.712   Data:  03 00 13 00
T47CC 000:188.734   Debug reg: DHCSR
T47CC 000:188.742 - 0.376ms returns 0
T47CC 000:188.813 JLINK_ReadMem(0xE000EDF0, 0x4 Bytes, ...)
T47CC 000:188.824   CPU_ReadMem(4 bytes @ 0xE000EDF0)
T47CC 000:189.164   Data:  03 00 13 00
T47CC 000:189.173   Debug reg: DHCSR
T47CC 000:189.182 - 0.368ms returns 0
T47CC 000:189.190 JLINK_ReadMem(0x400E001C, 0x4 Bytes, ...)
T47CC 000:189.198   CPU_ReadMem(4 bytes @ 0x400E001C)
T47CC 000:189.581   Data:  00 FC FF 00
T47CC 000:189.591 - 0.400ms returns 0
T47CC 000:189.601 JLINK_ReadMem(0xE000EDF0, 0x4 Bytes, ...)
T47CC 000:189.609   CPU_ReadMem(4 bytes @ 0xE000EDF0)
T47CC 000:189.963   Data:  03 00 13 00
T47CC 000:189.972   Debug reg: DHCSR
T47CC 000:189.980 - 0.378ms returns 0
T47CC 000:189.987 JLINK_ReadMem(0x400E0018, 0x4 Bytes, ...)
T47CC 000:189.994   CPU_ReadMem(4 bytes @ 0x400E0018)
T47CC 000:190.331   Data:  00 80 FF 00
T47CC 000:190.340 - 0.352ms returns 0
T47CC 000:190.350 JLINK_ReadMem(0xE000EDF0, 0x4 Bytes, ...)
T47CC 000:190.357   CPU_ReadMem(4 bytes @ 0xE000EDF0)
T47CC 000:190.676   Data:  03 00 13 00
T47CC 000:190.685   Debug reg: DHCSR
T47CC 000:190.693 - 0.342ms returns 0
T47CC 000:190.701 JLINK_ReadMem(0x400E0020, 0x4 Bytes, ...)
T47CC 000:190.708   CPU_ReadMem(4 bytes @ 0x400E0020)
T47CC 000:191.083   Data:  00 FC 00 00
T47CC 000:191.092 - 0.390ms returns 0
T47CC 000:191.102 JLINK_ReadMem(0xE000EDF0, 0x4 Bytes, ...)
T47CC 000:191.109   CPU_ReadMem(4 bytes @ 0xE000EDF0)
T47CC 000:191.509   Data:  03 00 13 00
T47CC 000:191.520   Debug reg: DHCSR
T47CC 000:191.528 - 0.426ms returns 0
T47CC 000:191.536 JLINK_ReadMem(0x400E0028, 0x4 Bytes, ...)
T47CC 000:191.546   CPU_ReadMem(4 bytes @ 0x400E0028)
T47CC 000:191.919   Data:  00 FC 1F 00
T47CC 000:191.942 - 0.405ms returns 0
T47CC 000:191.953 JLINK_ReadMem(0xE000EDF0, 0x4 Bytes, ...)
T47CC 000:191.960   CPU_ReadMem(4 bytes @ 0xE000EDF0)
T47CC 000:192.327   Data:  03 00 13 00
T47CC 000:192.336   Debug reg: DHCSR
T47CC 000:192.344 - 0.391ms returns 0
T47CC 000:192.352 JLINK_ReadMem(0x400E0024, 0x4 Bytes, ...)
T47CC 000:192.359   CPU_ReadMem(4 bytes @ 0x400E0024)
T47CC 000:192.717   Data:  00 E0 1F 00
T47CC 000:192.747 - 0.395ms returns 0
T47CC 000:192.771 JLINK_ReadMem(0xE000EDF0, 0x4 Bytes, ...)
T47CC 000:192.778   CPU_ReadMem(4 bytes @ 0xE000EDF0)
T47CC 000:193.116   Data:  03 00 13 00
T47CC 000:193.125   Debug reg: DHCSR
T47CC 000:193.133 - 0.362ms returns 0
T47CC 000:193.140 JLINK_ReadMem(0x400E002C, 0x4 Bytes, ...)
T47CC 000:193.147   CPU_ReadMem(4 bytes @ 0x400E002C)
T47CC 000:193.532   Data:  01 00 00 00
T47CC 000:193.541 - 0.400ms returns 0
T47CC 000:199.763 JLINK_Close()
T47CC 000:214.178 - 14.414ms
T47CC 000:214.200   
T47CC 000:214.206   Closed
